python : Traceback (most recent call last):
At line:1 char:1
+ python main.py --input test_data_50 --output test_50_output > test_lo ...
+ ~~~~~~~~~~~~~~~~~~~~~~~~~~~~~~~~~~~~~~~~~~~~~~~~~~~~~~~~~~~~~~~~~~~~~
    + CategoryInfo          : NotSpecified: (Traceback (most recent call last)::String) [], RemoteException
    + FullyQualifiedErrorId : NativeCommandError
 
  File "C:\Data_Modelling_3NF\main.py", line 123, in <module>
    exit_code = main()
                ^^^^^^
  File "C:\Data_Modelling_3NF\main.py", line 16, in main
    print("""
  File "C:\Users\SHRADDHA\AppData\Local\Programs\Python\Python311\Lib\encodings\cp1252.py", line 19, in encode
    return codecs.charmap_encode(input,self.errors,encoding_table)[0]
           ^^^^^^^^^^^^^^^^^^^^^^^^^^^^^^^^^^^^^^^^^^^^^^^^^^^^^^^
UnicodeEncodeError: 'charmap' codec can't encode characters in position 6-74: character maps to <undefined>
